{
  "key_properties": [
    "id"
  ],
  "metadata": [
    {
      "breadcrumb": [
        "properties",
        "id"
      ],
      "metadata": {
        "inclusion": "automatic"
      }
    },
    {
      "breadcrumb": [
        "properties",
        "link"
      ],
      "metadata": {
        "inclusion": "available"
      }
    },
    {
      "breadcrumb": [
        "properties",
        "collected_at"
      ],
      "metadata": {
        "inclusion": "available"
      }
    },
    {
      "breadcrumb": [
        "properties",
        "created_at"
      ],
      "metadata": {
        "inclusion": "automatic"
      }
    },
    {
      "breadcrumb": [
        "properties",
        "place_and_date_of_issuance"
      ],
      "metadata": {
        "inclusion": "available"
      }
    },
    {
      "breadcrumb": [
        "properties",
        "official_name"
      ],
      "metadata": {
        "inclusion": "available"
      }
    },
    {
      "breadcrumb": [
        "properties",
        "id_cif"
      ],
      "metadata": {
        "inclusion": "available"
      }
    },
    {
      "breadcrumb": [
        "properties",
        "tax_payer_information"
      ],
      "metadata": {
        "inclusion": "available"
      }
    },
    {
      "breadcrumb": [
        "properties",
        "tax_payer_information",
        "properties",
        "rfc"
      ],
      "metadata": {
        "inclusion": "available"
      }
    },
    {
      "breadcrumb": [
        "properties",
        "tax_payer_information",
        "properties",
        "curp"
      ],
      "metadata": {
        "inclusion": "available"
      }
    },
    {
      "breadcrumb": [
        "properties",
        "tax_payer_information",
        "properties",
        "name"
      ],
      "metadata": {
        "inclusion": "available"
      }
    },
    {
      "breadcrumb": [
        "properties",
        "tax_payer_information",
        "properties",
        "first_last_name"
      ],
      "metadata": {
        "inclusion": "available"
      }
    },
    {
      "breadcrumb": [
        "properties",
        "tax_payer_information",
        "properties",
        "second_last_name"
      ],
      "metadata": {
        "inclusion": "available"
      }
    },
    {
      "breadcrumb": [
        "properties",
        "tax_payer_information",
        "properties",
        "start_operations_date"
      ],
      "metadata": {
        "inclusion": "available"
      }
    },
    {
      "breadcrumb": [
        "properties",
        "tax_payer_information",
        "properties",
        "status_padron"
      ],
      "metadata": {
        "inclusion": "available"
      }
    },
    {
      "breadcrumb": [
        "properties",
        "tax_payer_information",
        "properties",
        "last_status_change_date"
      ],
      "metadata": {
        "inclusion": "available"
      }
    },
    {
      "breadcrumb": [
        "properties",
        "tax_payer_information",
        "properties",
        "commercial_name"
      ],
      "metadata": {
        "inclusion": "available"
      }
    },
    {
      "breadcrumb": [
        "properties",
        "tax_payer_information",
        "properties",
        "social_name"
      ],
      "metadata": {
        "inclusion": "available"
      }
    },
    {
      "breadcrumb": [
        "properties",
        "tax_payer_information",
        "properties",
        "email"
      ],
      "metadata": {
        "inclusion": "available"
      }
    },
    {
      "breadcrumb": [
        "properties",
        "tax_payer_information",
        "properties",
        "phone"
      ],
      "metadata": {
        "inclusion": "available"
      }
    },
    {
      "breadcrumb": [
        "properties",
        "address"
      ],
      "metadata": {
        "inclusion": "available"
      }
    },
    {
      "breadcrumb": [
        "properties",
        "address",
        "properties",
        "postal_code"
      ],
      "metadata": {
        "inclusion": "available"
      }
    },
    {
      "breadcrumb": [
        "properties",
        "address",
        "properties",
        "street_type"
      ],
      "metadata": {
        "inclusion": "available"
      }
    },
    {
      "breadcrumb": [
        "properties",
        "address",
        "properties",
        "street"
      ],
      "metadata": {
        "inclusion": "available"
      }
    },
    {
      "breadcrumb": [
        "properties",
        "address",
        "properties",
        "exterior_number"
      ],
      "metadata": {
        "inclusion": "available"
      }
    },
    {
      "breadcrumb": [
        "properties",
        "address",
        "properties",
        "interior_number"
      ],
      "metadata": {
        "inclusion": "available"
      }
    },
    {
      "breadcrumb": [
        "properties",
        "address",
        "properties",
        "suburb"
      ],
      "metadata": {
        "inclusion": "available"
      }
    },
    {
      "breadcrumb": [
        "properties",
        "address",
        "properties",
        "locality"
      ],
      "metadata": {
        "inclusion": "available"
      }
    },
    {
      "breadcrumb": [
        "properties",
        "address",
        "properties",
        "municipality"
      ],
      "metadata": {
        "inclusion": "available"
      }
    },
    {
      "breadcrumb": [
        "properties",
        "address",
        "properties",
        "state"
      ],
      "metadata": {
        "inclusion": "available"
      }
    },
    {
      "breadcrumb": [
        "properties",
        "address",
        "properties",
        "between_street"
      ],
      "metadata": {
        "inclusion": "available"
      }
    },
    {
      "breadcrumb": [
        "properties",
        "economic_activity"
      ],
      "metadata": {
        "inclusion": "available"
      }
    },
    {
      "breadcrumb": [
        "properties",
        "regimes"
      ],
      "metadata": {
        "inclusion": "available"
      }
    },
    {
      "breadcrumb": [
        "properties",
        "obligations"
      ],
      "metadata": {
        "inclusion": "available"
      }
    },
    {
      "breadcrumb": [
        "properties",
        "digital_stamp"
      ],
      "metadata": {
        "inclusion": "available"
      }
    },
    {
      "breadcrumb": [
        "properties",
        "digital_stamp_chain"
      ],
      "metadata": {
        "inclusion": "available"
      }
    },
    {
      "breadcrumb": [
        "properties",
        "pdf"
      ],
      "metadata": {
        "inclusion": "available"
      }
    },
    {
      "breadcrumb": [],
      "metadata": {
        "inclusion": "available",
        "selected": true,
        "selected-by-default": true,
        "table-key-properties": [
          "id"
        ],
        "valid-replication-keys": [
          "created_at"
        ]
      }
    }
  ],
  "replication_key": "created_at",
  "replication_method": "INCREMENTAL",
  "schema": {
    "properties": {
      "address": {
        "description": "The tax payer's address details.",
        "properties": {
          "between_street": {
            "description": "Additional information about where the `street` is located.\n",
            "items": {
              "properties": {
                "street_one": {
                  "description": "The first street that `street` is located between.",
                  "type": [
                    "string",
                    "null"
                  ]
                },
                "street_two": {
                  "description": "The second street that `street` is located between.",
                  "type": [
                    "string",
                    "null"
                  ]
                }
              },
              "type": "object"
            },
            "type": [
              "array",
              "null"
            ]
          },
          "exterior_number": {
            "description": "The street number.",
            "type": [
              "string",
              "null"
            ]
          },
          "interior_number": {
            "description": "Additional address information.",
            "type": [
              "string",
              "null"
            ]
          },
          "locality": {
            "description": "The locality of the address.\n",
            "type": [
              "string",
              "null"
            ]
          },
          "municipality": {
            "description": "The municipality of the address.",
            "type": [
              "string",
              "null"
            ]
          },
          "postal_code": {
            "description": "The postcode of the address.\n",
            "type": [
              "string",
              "null"
            ]
          },
          "state": {
            "description": "The state that the address is in.",
            "type": [
              "string",
              "null"
            ]
          },
          "street": {
            "description": "The tax payers street.",
            "type": [
              "string",
              "null"
            ]
          },
          "street_type": {
            "description": "The `street` type.",
            "type": [
              "string",
              "null"
            ]
          },
          "suburb": {
            "description": "The suburb of the tax payer.\n",
            "type": [
              "string",
              "null"
            ]
          }
        },
        "required": [
          "postal_code"
        ],
        "type": [
          "object",
          "null"
        ]
      },
      "collected_at": {
        "description": "The ISO-8601 timestamp when the data point was collected.\n",
        "format": "date-time",
        "type": "string"
      },
      "created_at": {
        "description": "The ISO-8601 timestamp of when the data point was created in Belvo's database.\n",
        "format": "date-time",
        "type": "string"
      },
      "digital_stamp": {
        "description": "The validation certificate of the document.",
        "type": [
          "string",
          "null"
        ]
      },
      "digital_stamp_chain": {
        "description": "A data chain containing the basic structure of a fiscal digital check. For Mexico, this is the *Comprobante Fiscal Digital por Internet* (CFDI).\n",
        "type": [
          "string",
          "null"
        ]
      },
      "economic_activity": {
        "description": "A list of economic activity objects.\n",
        "items": {
          "properties": {
            "economic_activity": {
              "description": "The description of the economic activity.",
              "type": [
                "string",
                "null"
              ]
            },
            "end_date": {
              "description": "The end date of the economic activity, in `YYYY-MM-DD` format.\n",
              "format": "date",
              "type": [
                "string",
                "null"
              ]
            },
            "initial_date": {
              "description": "The start date of the economic activity, in `YYYY-MM-DD` format.",
              "type": [
                "string",
                "null"
              ]
            },
            "order": {
              "description": "The order of the economic activity.",
              "type": [
                "string",
                "null"
              ]
            },
            "percentage": {
              "description": "The percentage of the economic activity.\n",
              "type": [
                "string",
                "null"
              ]
            }
          },
          "type": "object"
        },
        "type": [
          "array",
          "null"
        ]
      },
      "id": {
        "description": "Belvo's unique identifier for the current item.\n",
        "format": "uuid",
        "type": "string"
      },
      "id_cif": {
        "description": "The taxpayer's *Cédula de Identificación Fiscal* (CIF) ID.\n",
        "type": [
          "string",
          "null"
        ]
      },
      "link": {
        "description": "The `link.id` the data belongs to.",
        "format": "uuid",
        "type": [
          "string",
          "null"
        ]
      },
      "obligations": {
        "description": "Details regarding a business's obligations.\n\nℹ️ For non-business accounts, this field will return empty.\n",
        "items": {
          "description": "Details regarding a business's obligations.\n\nℹ️ For non-business accounts, this field will return empty.\n",
          "properties": {
            "end_date": {
              "description": "The date when obligation ended, in `YYYY-MM-DD` format.\n",
              "format": "date",
              "type": [
                "string",
                "null"
              ]
            },
            "expiration": {
              "description": "The deadline to fulfill the obligation, as imposed by the tax authority.\n",
              "type": [
                "string",
                "null"
              ]
            },
            "initial_date": {
              "description": "The date when obligation started, in `YYYY-MM-DD` format.\n",
              "format": "date",
              "type": [
                "string",
                "null"
              ]
            },
            "obligation": {
              "description": "The description of the obligation.\n",
              "type": [
                "string",
                "null"
              ]
            }
          },
          "type": "object"
        },
        "type": [
          "array",
          "null"
        ]
      },
      "official_name": {
        "description": "The name of the person or business.",
        "type": [
          "string",
          "null"
        ]
      },
      "pdf": {
        "description": "Tax status PDF as a binary string.",
        "format": "binary",
        "type": [
          "string",
          "null"
        ]
      },
      "place_and_date_of_issuance": {
        "description": "The place and date of that the tax status was issued.",
        "type": [
          "string",
          "null"
        ]
      },
      "regimes": {
        "description": "A list of regimen objects.\n",
        "items": {
          "properties": {
            "end_date": {
              "description": "The end date of the regimen, in `YYYY-MM-DD` format.\n",
              "format": "date",
              "type": [
                "string",
                "null"
              ]
            },
            "initial_date": {
              "description": "The start date of the regimen, in `YYYY-MM-DD` format.\n",
              "format": "date",
              "type": [
                "string",
                "null"
              ]
            },
            "regimen": {
              "description": "The description of the regimen.",
              "type": [
                "string",
                "null"
              ]
            }
          },
          "required": [
            "regimen",
            "initial_date",
            "end_date"
          ],
          "type": "object"
        },
        "type": [
          "array",
          "null"
        ]
      },
      "tax_payer_information": {
        "description": "Details regarding the taxpayer.",
        "properties": {
          "commercial_name": {
            "description": "The name of the business designated for consumers and the general public.\n\n**Note**: Only applicable for businesses.\n",
            "type": [
              "string",
              "null"
            ]
          },
          "curp": {
            "description": "The tax payers's *Clave Única de Registro de Población* (CURP) number.\n",
            "type": [
              "string",
              "null"
            ]
          },
          "email": {
            "description": "Contact email address for the tax payer.",
            "type": [
              "string",
              "null"
            ]
          },
          "first_last_name": {
            "description": "The tax payers's first last name.",
            "type": [
              "string",
              "null"
            ]
          },
          "last_status_change_date": {
            "description": "Date when `status_padron` was most recently updated, in `YYYY-MM-DD` format.\n",
            "format": "date",
            "type": [
              "string",
              "null"
            ]
          },
          "name": {
            "description": "The tax payers's first name.",
            "type": [
              "string",
              "null"
            ]
          },
          "phone": {
            "description": "Contact phone number for the tax payer.",
            "type": [
              "string",
              "null"
            ]
          },
          "rfc": {
            "description": "The tax payers's identification number (For Mexico, this is the RFC).\n",
            "type": [
              "string",
              "null"
            ]
          },
          "second_last_name": {
            "description": "The tax payers's second last name.",
            "type": [
              "string",
              "null"
            ]
          },
          "social_name": {
            "description": "The unique and exclusive name within the national territory that companies\nreceive for legal or administrative purposes.\n\n**Note**: Only applicable for businesses.\n",
            "type": [
              "string",
              "null"
            ]
          },
          "start_operations_date": {
            "description": "Date when the tax payer commenced taxable commercial activities, in `YYYY-MM-DD` format.\n",
            "format": "date",
            "type": [
              "string",
              "null"
            ]
          },
          "status_padron": {
            "description": "Status of the taxpayer in the Federal Register of Taxpayers (RFC). Can be `ACTIVO` or `INACTIVO`.\n",
            "type": [
              "string",
              "null"
            ]
          }
        },
        "required": [
          "rfc",
          "start_operations_date",
          "status_padron",
          "last_status_change_date"
        ],
        "type": [
          "object",
          "null"
        ]
      }
    },
    "required": [
      "id",
      "link",
      "collected_at",
      "created_at",
      "place_and_date_of_issuance",
      "official_name",
      "id_cif",
      "tax_payer_information",
      "address",
      "economic_activity",
      "regimes",
      "obligations",
      "digital_stamp",
      "digital_stamp_chain",
      "pdf"
    ],
    "title": "Tax Status Object (Mexico)",
    "type": "object"
  },
  "stream": "fiscal_tax_statuses",
  "tap_stream_id": "fiscal_tax_statuses"
}
